TAP version 13
# Subtest: VideoFeed is scoped to /interview instead of mounted globally in the root layout
ok 1 - VideoFeed is scoped to /interview instead of mounted globally in the root layout
  ---
  duration_ms: 0.728292
  type: 'test'
  ...
# Subtest: analytics constants include permission retry and skip events
ok 2 - analytics constants include permission retry and skip events
  ---
  duration_ms: 0.150333
  type: 'test'
  ...
# Subtest: VideoFeed records denial diagnostics and retry/skip analytics
ok 3 - VideoFeed records denial diagnostics and retry/skip analytics
  ---
  duration_ms: 0.181667
  type: 'test'
  ...
# Subtest: SQL: hosted session-type constraint admits every current practice type and preserves historical sales pitches
ok 4 - SQL: hosted session-type constraint admits every current practice type and preserves historical sales pitches
  ---
  duration_ms: 165.513209
  type: 'test'
  ...
# Subtest: SQL: legacy completion backfill uses completion time with creation fallback and preserves completed usage
ok 5 - SQL: legacy completion backfill uses completion time with creation fallback and preserves completed usage
  ---
  duration_ms: 23.981458
  type: 'test'
  ...
# Subtest: SQL: hosted unique recording index is preserved without a redundant second index
ok 6 - SQL: hosted unique recording index is preserved without a redundant second index
  ---
  duration_ms: 18.804834
  type: 'test'
  ...
# Subtest: SQL: duplicate webhook ledger and distinct events for same purchase yield one canonical outbox row
ok 7 - SQL: duplicate webhook ledger and distinct events for same purchase yield one canonical outbox row
  ---
  duration_ms: 38.08075
  type: 'test'
  ...
# Subtest: SQL: binding is immutable in RPC and direct update; customer cannot bind to a second user
ok 8 - SQL: binding is immutable in RPC and direct update; customer cannot bind to a second user
  ---
  duration_ms: 47.173208
  type: 'test'
  ...
# Subtest: SQL: old subscription cancellation cannot cancel the newer subscription for same user
ok 9 - SQL: old subscription cancellation cannot cancel the newer subscription for same user
  ---
  duration_ms: 54.716042
  type: 'test'
  ...
# Subtest: SQL: concurrent stale revisions permit one update; losing event is not acknowledged
ok 10 - SQL: concurrent stale revisions permit one update; losing event is not acknowledged
  ---
  duration_ms: 39.64275
  type: 'test'
  ...
# Subtest: SQL: anonymous/authenticated cannot invoke privileged RPCs or write subscription/session bindings
ok 11 - SQL: anonymous/authenticated cannot invoke privileged RPCs or write subscription/session bindings
  ---
  duration_ms: 66.774167
  type: 'test'
  ...
# Subtest: SQL: free allowance reserves only three concurrent sessions and retries reuse the original session
ok 12 - SQL: free allowance reserves only three concurrent sessions and retries reuse the original session
  ---
  duration_ms: 56.166584
  type: 'test'
  ...
# Subtest: SQL: deleting completed history cannot reset lifetime allowance; repeated completion counts once
ok 13 - SQL: deleting completed history cannot reset lifetime allowance; repeated completion counts once
  ---
  duration_ms: 63.790875
  type: 'test'
  ...
# Subtest: SQL: exhausted legacy NULL-expiry denies AI work; recent transition and valid admitted work remain usable
ok 14 - SQL: exhausted legacy NULL-expiry denies AI work; recent transition and valid admitted work remain usable
  ---
  duration_ms: 125.165916
  type: 'test'
  ...
# Subtest: SQL: durable budgets and leases serialize across concurrent connections
ok 15 - SQL: durable budgets and leases serialize across concurrent connections
  ---
  duration_ms: 87.293833
  type: 'test'
  ...
# Subtest: SQL: completion cannot interleave between used and active counts to admit a fourth free session
ok 16 - SQL: completion cannot interleave between used and active counts to admit a fourth free session
  ---
  duration_ms: 67.217125
  type: 'test'
  ...
# [posthog-server] Durable event remains pending
# [server] Operation failed unknown
# [server] Operation failed unknown
# Subtest: paid checkout binds caller, subscription metadata and customer; rejects stolen/incomplete checkout
ok 17 - paid checkout binds caller, subscription metadata and customer; rejects stolen/incomplete checkout
  ---
  duration_ms: 1.83375
  type: 'test'
  ...
# Subtest: only approved configured prices, valid periods and actual Stripe status are persisted
ok 18 - only approved configured prices, valid periods and actual Stripe status are persisted
  ---
  duration_ms: 0.2165
  type: 'test'
  ...
# Subtest: grace is bounded; canceled, expired trials and unverified/stale rows never get unlimited access
ok 19 - grace is bounded; canceled, expired trials and unverified/stale rows never get unlimited access
  ---
  duration_ms: 0.184417
  type: 'test'
  ...
# Subtest: invoice subscription IDs support endpoint-version parent and legacy shapes
ok 20 - invoice subscription IDs support endpoint-version parent and legacy shapes
  ---
  duration_ms: 0.064125
  type: 'test'
  ...
# Subtest: verification refuses existing owner conflict before any write
ok 21 - verification refuses existing owner conflict before any write
  ---
  duration_ms: 183.508542
  type: 'test'
  ...
# Subtest: billing revision conflicts re-fetch current Stripe state; failed/empty persistence never succeeds
ok 22 - billing revision conflicts re-fetch current Stripe state; failed/empty persistence never succeeds
  ---
  duration_ms: 20.720875
  type: 'test'
  ...
# Subtest: unauthenticated/unowned/oversized transcription never reaches paid provider
ok 23 - unauthenticated/unowned/oversized transcription never reaches paid provider
  ---
  duration_ms: 117.815208
  type: 'test'
  ...
# Subtest: paid caller shape with recordingId and codec MIME transcribes and persists, regardless of spoofed header
ok 24 - paid caller shape with recordingId and codec MIME transcribes and persists, regardless of spoofed header
  ---
  duration_ms: 19.795
  type: 'test'
  ...
# Subtest: durable budget denial fails closed before transcription
ok 25 - durable budget denial fails closed before transcription
  ---
  duration_ms: 18.841209
  type: 'test'
  ...
# Subtest: valid paid legacy feedback fields remain accepted; owned stored context wins and zero scores persist
ok 26 - valid paid legacy feedback fields remain accepted; owned stored context wins and zero scores persist
  ---
  duration_ms: 23.423791
  type: 'test'
  ...
# Subtest: feedback requires recording ownership; malformed output is not persisted
ok 27 - feedback requires recording ownership; malformed output is not persisted
  ---
  duration_ms: 18.701709
  type: 'test'
  ...
# Subtest: existing saved feedback is readable without a new paid generation
ok 28 - existing saved feedback is readable without a new paid generation
  ---
  duration_ms: 21.042458
  type: 'test'
  ...
# Subtest: question generation requires authentication and server allowance before provider invocation
ok 29 - question generation requires authentication and server allowance before provider invocation
  ---
  duration_ms: 13.571375
  type: 'test'
  ...
# Subtest: webhook signature/unpaid guards prevent persistence; invoice events reconcile instead of forcing active
ok 30 - webhook signature/unpaid guards prevent persistence; invoice events reconcile instead of forcing active
  ---
  duration_ms: 9.766959
  type: 'test'
  ...
# Subtest: final/partial session completion accepts Bearer and existing beacon shapes and verifies ownership
ok 31 - final/partial session completion accepts Bearer and existing beacon shapes and verifies ownership
  ---
  duration_ms: 23.132042
  type: 'test'
  ...
# Subtest: feedback and transcription recheck saved results after delayed reservation; provider is not double-called
ok 32 - feedback and transcription recheck saved results after delayed reservation; provider is not double-called
  ---
  duration_ms: 36.197333
  type: 'test'
  ...
# Subtest: durable analytics await ingestion acknowledgement, preserve stable identity and fail safely
ok 33 - durable analytics await ingestion acknowledgement, preserve stable identity and fail safely
  ---
  duration_ms: 59.768667
  type: 'test'
  ...
# Subtest: analytics delivery failure keeps outbox pending and cannot fail verified paid access
ok 34 - analytics delivery failure keeps outbox pending and cannot fail verified paid access
  ---
  duration_ms: 7.742042
  type: 'test'
  ...
# Subtest: checkout creates only an approved price for the authenticated owner and blocks existing subscriptions
ok 35 - checkout creates only an approved price for the authenticated owner and blocks existing subscriptions
  ---
  duration_ms: 12.579542
  type: 'test'
  ...
# Subtest: protected analytics cron rejects missing/wrong credentials and drains pending identities
ok 36 - protected analytics cron rejects missing/wrong credentials and drains pending identities
  ---
  duration_ms: 4.010541
  type: 'test'
  ...
# Subtest: completion fails on recording-count errors and missing update rows instead of reporting success
ok 37 - completion fails on recording-count errors and missing update rows instead of reporting success
  ---
  duration_ms: 12.967958
  type: 'test'
  ...
# Subtest: actual final-question and skip completion branches do not navigate after failure and permit successful retry
ok 38 - actual final-question and skip completion branches do not navigate after failure and permit successful retry
  ---
  duration_ms: 19.14775
  type: 'test'
  ...
1..38
# tests 38
# suites 0
# pass 38
# fail 0
# cancelled 0
# skipped 0
# todo 0
# duration_ms 1246.004291
